MPLINK 5.08, LINKER
Linker Map File - Created Thu Jun 02 22:31:57 2016

                                 Section Info
                  Section       Type    Address   Location Size(Bytes)
                ---------  ---------  ---------  ---------  ---------
                   .org_0       code   0x000000    program   0x00003c
                   .cinit    romdata   0x00001e    program   0x000004
.config_2007_BUILD/DEFAULT/PRODUCTION/MAIN.O       code   0x002007    program   0x000002



                              Program Memory Usage 
                               Start         End      
                           ---------   ---------      
                            0x000000    0x00001f      
                            0x002007    0x002007      
            33 out of 1094 program addresses used, program memory utilization is 3%



                              Symbols - Sorted by Name
                     Name    Address   Location    Storage File                     
                ---------  ---------  ---------  --------- ---------                
                    START   0x000004    program     static D:\Projects\MPLABXProjects\LabWork1.X\main.asm
             _.org_0_0015   0x000015    program     static D:\Projects\MPLABXProjects\LabWork1.X\main.asm
             _.org_0_0018   0x000018    program     static D:\Projects\MPLABXProjects\LabWork1.X\main.asm
             _.org_0_001A   0x00001a    program     static D:\Projects\MPLABXProjects\LabWork1.X\main.asm
                    delay   0x00000e    program     static D:\Projects\MPLABXProjects\LabWork1.X\main.asm



                              Symbols - Sorted by Address
                     Name    Address   Location    Storage File                     
                ---------  ---------  ---------  --------- ---------                
                    START   0x000004    program     static D:\Projects\MPLABXProjects\LabWork1.X\main.asm
                    delay   0x00000e    program     static D:\Projects\MPLABXProjects\LabWork1.X\main.asm
             _.org_0_0015   0x000015    program     static D:\Projects\MPLABXProjects\LabWork1.X\main.asm
             _.org_0_0018   0x000018    program     static D:\Projects\MPLABXProjects\LabWork1.X\main.asm
             _.org_0_001A   0x00001a    program     static D:\Projects\MPLABXProjects\LabWork1.X\main.asm


